failed to set errno from JS
errno   : 0
strerror: No error information
